// Jest Snapshot v1, https://goo.gl/fbAQLP

exports[`can render component with redux 1`] = `undefined`;

exports[`can render with redux 1`] = `undefined`;
